// Jest Snapshot v1, https://goo.gl/fbAQLP

exports[`initially renders a loading screen 1`] = `
<View
  style={
    Object {
      "alignItems": "center",
      "backgroundColor": "#0000af",
      "flex": 1,
      "justifyContent": "center",
    }
  }
>
  <Text
    accessible={true}
    allowFontScaling={true}
    disabled={false}
    ellipsizeMode="tail"
    style={
      Object {
        "color": "white",
        "fontSize": 24,
      }
    }
  >
    Loading...
  </Text>
</View>
`;

exports[`renders a list of games after the games have been received 1`] = `
<RCTScrollView
  automaticallyAdjustContentInsets={false}
  dataSource={
    ListViewDataSource {
      "items": 121,
    }
  }
  renderRow={[Function]}
  renderScrollComponent={[Function]}
  style={
    Object {
      "backgroundColor": "#0000af",
      "paddingTop": 70,
    }
  }
>
  <View>
    <Text
      accessible={true}
      allowFontScaling={true}
      disabled={false}
      ellipsizeMode="tail"
      onPress={[Function]}
      style={
        Object {
          "color": "white",
          "fontSize": 20,
          "marginBottom": 8,
          "textAlign": "center",
        }
      }
    >
      #7477, aired 2017-02-28
    </Text>
    <Text
      accessible={true}
      allowFontScaling={true}
      disabled={false}
      ellipsizeMode="tail"
      onPress={[Function]}
      style={
        Object {
          "color": "white",
          "fontSize": 20,
          "marginBottom": 8,
          "textAlign": "center",
        }
      }
    >
      #7455, aired 2017-01-27
    </Text>
    <Text
      accessible={true}
      allowFontScaling={true}
      disabled={false}
      ellipsizeMode="tail"
      onPress={[Function]}
      style={
        Object {
          "color": "white",
          "fontSize": 20,
          "marginBottom": 8,
          "textAlign": "center",
        }
      }
    >
      #7454, aired 2017-01-26
    </Text>
    <Text
      accessible={true}
      allowFontScaling={true}
      disabled={false}
      ellipsizeMode="tail"
      onPress={[Function]}
      style={
        Object {
          "color": "white",
          "fontSize": 20,
          "marginBottom": 8,
          "textAlign": "center",
        }
      }
    >
      #7475, aired 2017-02-24
    </Text>
    <Text
      accessible={true}
      allowFontScaling={true}
      disabled={false}
      ellipsizeMode="tail"
      onPress={[Function]}
      style={
        Object {
          "color": "white",
          "fontSize": 20,
          "marginBottom": 8,
          "textAlign": "center",
        }
      }
    >
      #7474, aired 2017-02-23
    </Text>
    <Text
      accessible={true}
      allowFontScaling={true}
      disabled={false}
      ellipsizeMode="tail"
      onPress={[Function]}
      style={
        Object {
          "color": "white",
          "fontSize": 20,
          "marginBottom": 8,
          "textAlign": "center",
        }
      }
    >
      #7473, aired 2017-02-22
    </Text>
    <Text
      accessible={true}
      allowFontScaling={true}
      disabled={false}
      ellipsizeMode="tail"
      onPress={[Function]}
      style={
        Object {
          "color": "white",
          "fontSize": 20,
          "marginBottom": 8,
          "textAlign": "center",
        }
      }
    >
      #7472, aired 2017-02-21
    </Text>
    <Text
      accessible={true}
      allowFontScaling={true}
      disabled={false}
      ellipsizeMode="tail"
      onPress={[Function]}
      style={
        Object {
          "color": "white",
          "fontSize": 20,
          "marginBottom": 8,
          "textAlign": "center",
        }
      }
    >
      #7471, aired 2017-02-20
    </Text>
    <Text
      accessible={true}
      allowFontScaling={true}
      disabled={false}
      ellipsizeMode="tail"
      onPress={[Function]}
      style={
        Object {
          "color": "white",
          "fontSize": 20,
          "marginBottom": 8,
          "textAlign": "center",
        }
      }
    >
      #7470, aired 2017-02-17
    </Text>
    <Text
      accessible={true}
      allowFontScaling={true}
      disabled={false}
      ellipsizeMode="tail"
      onPress={[Function]}
      style={
        Object {
          "color": "white",
          "fontSize": 20,
          "marginBottom": 8,
          "textAlign": "center",
        }
      }
    >
      #7469, aired 2017-02-16
    </Text>
    <Text
      accessible={true}
      allowFontScaling={true}
      disabled={false}
      ellipsizeMode="tail"
      onPress={[Function]}
      style={
        Object {
          "color": "white",
          "fontSize": 20,
          "marginBottom": 8,
          "textAlign": "center",
        }
      }
    >
      #7468, aired 2017-02-15
    </Text>
    <Text
      accessible={true}
      allowFontScaling={true}
      disabled={false}
      ellipsizeMode="tail"
      onPress={[Function]}
      style={
        Object {
          "color": "white",
          "fontSize": 20,
          "marginBottom": 8,
          "textAlign": "center",
        }
      }
    >
      #7466, aired 2017-02-13
    </Text>
    <Text
      accessible={true}
      allowFontScaling={true}
      disabled={false}
      ellipsizeMode="tail"
      onPress={[Function]}
      style={
        Object {
          "color": "white",
          "fontSize": 20,
          "marginBottom": 8,
          "textAlign": "center",
        }
      }
    >
      #7467, aired 2017-02-14
    </Text>
    <Text
      accessible={true}
      allowFontScaling={true}
      disabled={false}
      ellipsizeMode="tail"
      onPress={[Function]}
      style={
        Object {
          "color": "white",
          "fontSize": 20,
          "marginBottom": 8,
          "textAlign": "center",
        }
      }
    >
      #7465, aired 2017-02-10
    </Text>
    <Text
      accessible={true}
      allowFontScaling={true}
      disabled={false}
      ellipsizeMode="tail"
      onPress={[Function]}
      style={
        Object {
          "color": "white",
          "fontSize": 20,
          "marginBottom": 8,
          "textAlign": "center",
        }
      }
    >
      #7464, aired 2017-02-09
    </Text>
    <Text
      accessible={true}
      allowFontScaling={true}
      disabled={false}
      ellipsizeMode="tail"
      onPress={[Function]}
      style={
        Object {
          "color": "white",
          "fontSize": 20,
          "marginBottom": 8,
          "textAlign": "center",
        }
      }
    >
      #7463, aired 2017-02-08
    </Text>
    <Text
      accessible={true}
      allowFontScaling={true}
      disabled={false}
      ellipsizeMode="tail"
      onPress={[Function]}
      style={
        Object {
          "color": "white",
          "fontSize": 20,
          "marginBottom": 8,
          "textAlign": "center",
        }
      }
    >
      #7461, aired 2017-02-06
    </Text>
    <Text
      accessible={true}
      allowFontScaling={true}
      disabled={false}
      ellipsizeMode="tail"
      onPress={[Function]}
      style={
        Object {
          "color": "white",
          "fontSize": 20,
          "marginBottom": 8,
          "textAlign": "center",
        }
      }
    >
      #7462, aired 2017-02-07
    </Text>
    <Text
      accessible={true}
      allowFontScaling={true}
      disabled={false}
      ellipsizeMode="tail"
      onPress={[Function]}
      style={
        Object {
          "color": "white",
          "fontSize": 20,
          "marginBottom": 8,
          "textAlign": "center",
        }
      }
    >
      #7460, aired 2017-02-03
    </Text>
    <Text
      accessible={true}
      allowFontScaling={true}
      disabled={false}
      ellipsizeMode="tail"
      onPress={[Function]}
      style={
        Object {
          "color": "white",
          "fontSize": 20,
          "marginBottom": 8,
          "textAlign": "center",
        }
      }
    >
      #7459, aired 2017-02-02
    </Text>
    <Text
      accessible={true}
      allowFontScaling={true}
      disabled={false}
      ellipsizeMode="tail"
      onPress={[Function]}
      style={
        Object {
          "color": "white",
          "fontSize": 20,
          "marginBottom": 8,
          "textAlign": "center",
        }
      }
    >
      #7458, aired 2017-02-01
    </Text>
    <Text
      accessible={true}
      allowFontScaling={true}
      disabled={false}
      ellipsizeMode="tail"
      onPress={[Function]}
      style={
        Object {
          "color": "white",
          "fontSize": 20,
          "marginBottom": 8,
          "textAlign": "center",
        }
      }
    >
      #7456, aired 2017-01-30
    </Text>
    <Text
      accessible={true}
      allowFontScaling={true}
      disabled={false}
      ellipsizeMode="tail"
      onPress={[Function]}
      style={
        Object {
          "color": "white",
          "fontSize": 20,
          "marginBottom": 8,
          "textAlign": "center",
        }
      }
    >
      #7457, aired 2017-01-31
    </Text>
    <Text
      accessible={true}
      allowFontScaling={true}
      disabled={false}
      ellipsizeMode="tail"
      onPress={[Function]}
      style={
        Object {
          "color": "white",
          "fontSize": 20,
          "marginBottom": 8,
          "textAlign": "center",
        }
      }
    >
      #7453, aired 2017-01-25
    </Text>
    <Text
      accessible={true}
      allowFontScaling={true}
      disabled={false}
      ellipsizeMode="tail"
      onPress={[Function]}
      style={
        Object {
          "color": "white",
          "fontSize": 20,
          "marginBottom": 8,
          "textAlign": "center",
        }
      }
    >
      #7452, aired 2017-01-24
    </Text>
    <Text
      accessible={true}
      allowFontScaling={true}
      disabled={false}
      ellipsizeMode="tail"
      onPress={[Function]}
      style={
        Object {
          "color": "white",
          "fontSize": 20,
          "marginBottom": 8,
          "textAlign": "center",
        }
      }
    >
      #7451, aired 2017-01-23
    </Text>
    <Text
      accessible={true}
      allowFontScaling={true}
      disabled={false}
      ellipsizeMode="tail"
      onPress={[Function]}
      style={
        Object {
          "color": "white",
          "fontSize": 20,
          "marginBottom": 8,
          "textAlign": "center",
        }
      }
    >
      #7450, aired 2017-01-20
    </Text>
    <Text
      accessible={true}
      allowFontScaling={true}
      disabled={false}
      ellipsizeMode="tail"
      onPress={[Function]}
      style={
        Object {
          "color": "white",
          "fontSize": 20,
          "marginBottom": 8,
          "textAlign": "center",
        }
      }
    >
      #7449, aired 2017-01-19
    </Text>
    <Text
      accessible={true}
      allowFontScaling={true}
      disabled={false}
      ellipsizeMode="tail"
      onPress={[Function]}
      style={
        Object {
          "color": "white",
          "fontSize": 20,
          "marginBottom": 8,
          "textAlign": "center",
        }
      }
    >
      #7448, aired 2017-01-18
    </Text>
    <Text
      accessible={true}
      allowFontScaling={true}
      disabled={false}
      ellipsizeMode="tail"
      onPress={[Function]}
      style={
        Object {
          "color": "white",
          "fontSize": 20,
          "marginBottom": 8,
          "textAlign": "center",
        }
      }
    >
      #7447, aired 2017-01-17
    </Text>
    <Text
      accessible={true}
      allowFontScaling={true}
      disabled={false}
      ellipsizeMode="tail"
      onPress={[Function]}
      style={
        Object {
          "color": "white",
          "fontSize": 20,
          "marginBottom": 8,
          "textAlign": "center",
        }
      }
    >
      #7446, aired 2017-01-16
    </Text>
    <Text
      accessible={true}
      allowFontScaling={true}
      disabled={false}
      ellipsizeMode="tail"
      onPress={[Function]}
      style={
        Object {
          "color": "white",
          "fontSize": 20,
          "marginBottom": 8,
          "textAlign": "center",
        }
      }
    >
      #7445, aired 2017-01-13
    </Text>
    <Text
      accessible={true}
      allowFontScaling={true}
      disabled={false}
      ellipsizeMode="tail"
      onPress={[Function]}
      style={
        Object {
          "color": "white",
          "fontSize": 20,
          "marginBottom": 8,
          "textAlign": "center",
        }
      }
    >
      #7444, aired 2017-01-12
    </Text>
    <Text
      accessible={true}
      allowFontScaling={true}
      disabled={false}
      ellipsizeMode="tail"
      onPress={[Function]}
      style={
        Object {
          "color": "white",
          "fontSize": 20,
          "marginBottom": 8,
          "textAlign": "center",
        }
      }
    >
      #7443, aired 2017-01-11
    </Text>
    <Text
      accessible={true}
      allowFontScaling={true}
      disabled={false}
      ellipsizeMode="tail"
      onPress={[Function]}
      style={
        Object {
          "color": "white",
          "fontSize": 20,
          "marginBottom": 8,
          "textAlign": "center",
        }
      }
    >
      #7442, aired 2017-01-10
    </Text>
    <Text
      accessible={true}
      allowFontScaling={true}
      disabled={false}
      ellipsizeMode="tail"
      onPress={[Function]}
      style={
        Object {
          "color": "white",
          "fontSize": 20,
          "marginBottom": 8,
          "textAlign": "center",
        }
      }
    >
      #7441, aired 2017-01-09
    </Text>
    <Text
      accessible={true}
      allowFontScaling={true}
      disabled={false}
      ellipsizeMode="tail"
      onPress={[Function]}
      style={
        Object {
          "color": "white",
          "fontSize": 20,
          "marginBottom": 8,
          "textAlign": "center",
        }
      }
    >
      #7440, aired 2017-01-06
    </Text>
    <Text
      accessible={true}
      allowFontScaling={true}
      disabled={false}
      ellipsizeMode="tail"
      onPress={[Function]}
      style={
        Object {
          "color": "white",
          "fontSize": 20,
          "marginBottom": 8,
          "textAlign": "center",
        }
      }
    >
      #7439, aired 2017-01-05
    </Text>
    <Text
      accessible={true}
      allowFontScaling={true}
      disabled={false}
      ellipsizeMode="tail"
      onPress={[Function]}
      style={
        Object {
          "color": "white",
          "fontSize": 20,
          "marginBottom": 8,
          "textAlign": "center",
        }
      }
    >
      #7438, aired 2017-01-04
    </Text>
    <Text
      accessible={true}
      allowFontScaling={true}
      disabled={false}
      ellipsizeMode="tail"
      onPress={[Function]}
      style={
        Object {
          "color": "white",
          "fontSize": 20,
          "marginBottom": 8,
          "textAlign": "center",
        }
      }
    >
      #7437, aired 2017-01-03
    </Text>
    <Text
      accessible={true}
      allowFontScaling={true}
      disabled={false}
      ellipsizeMode="tail"
      onPress={[Function]}
      style={
        Object {
          "color": "white",
          "fontSize": 20,
          "marginBottom": 8,
          "textAlign": "center",
        }
      }
    >
      #7436, aired 2017-01-02
    </Text>
    <Text
      accessible={true}
      allowFontScaling={true}
      disabled={false}
      ellipsizeMode="tail"
      onPress={[Function]}
      style={
        Object {
          "color": "white",
          "fontSize": 20,
          "marginBottom": 8,
          "textAlign": "center",
        }
      }
    >
      #7435, aired 2016-12-30
    </Text>
    <Text
      accessible={true}
      allowFontScaling={true}
      disabled={false}
      ellipsizeMode="tail"
      onPress={[Function]}
      style={
        Object {
          "color": "white",
          "fontSize": 20,
          "marginBottom": 8,
          "textAlign": "center",
        }
      }
    >
      #7434, aired 2016-12-29
    </Text>
    <Text
      accessible={true}
      allowFontScaling={true}
      disabled={false}
      ellipsizeMode="tail"
      onPress={[Function]}
      style={
        Object {
          "color": "white",
          "fontSize": 20,
          "marginBottom": 8,
          "textAlign": "center",
        }
      }
    >
      #7433, aired 2016-12-28
    </Text>
    <Text
      accessible={true}
      allowFontScaling={true}
      disabled={false}
      ellipsizeMode="tail"
      onPress={[Function]}
      style={
        Object {
          "color": "white",
          "fontSize": 20,
          "marginBottom": 8,
          "textAlign": "center",
        }
      }
    >
      #7432, aired 2016-12-27
    </Text>
    <Text
      accessible={true}
      allowFontScaling={true}
      disabled={false}
      ellipsizeMode="tail"
      onPress={[Function]}
      style={
        Object {
          "color": "white",
          "fontSize": 20,
          "marginBottom": 8,
          "textAlign": "center",
        }
      }
    >
      #7431, aired 2016-12-26
    </Text>
    <Text
      accessible={true}
      allowFontScaling={true}
      disabled={false}
      ellipsizeMode="tail"
      onPress={[Function]}
      style={
        Object {
          "color": "white",
          "fontSize": 20,
          "marginBottom": 8,
          "textAlign": "center",
        }
      }
    >
      #7430, aired 2016-12-23
    </Text>
    <Text
      accessible={true}
      allowFontScaling={true}
      disabled={false}
      ellipsizeMode="tail"
      onPress={[Function]}
      style={
        Object {
          "color": "white",
          "fontSize": 20,
          "marginBottom": 8,
          "textAlign": "center",
        }
      }
    >
      #7421, aired 2016-12-12
    </Text>
    <Text
      accessible={true}
      allowFontScaling={true}
      disabled={false}
      ellipsizeMode="tail"
      onPress={[Function]}
      style={
        Object {
          "color": "white",
          "fontSize": 20,
          "marginBottom": 8,
          "textAlign": "center",
        }
      }
    >
      #7420, aired 2016-12-09
    </Text>
    <Text
      accessible={true}
      allowFontScaling={true}
      disabled={false}
      ellipsizeMode="tail"
      onPress={[Function]}
      style={
        Object {
          "color": "white",
          "fontSize": 20,
          "marginBottom": 8,
          "textAlign": "center",
        }
      }
    >
      #7419, aired 2016-12-08
    </Text>
    <Text
      accessible={true}
      allowFontScaling={true}
      disabled={false}
      ellipsizeMode="tail"
      onPress={[Function]}
      style={
        Object {
          "color": "white",
          "fontSize": 20,
          "marginBottom": 8,
          "textAlign": "center",
        }
      }
    >
      #7418, aired 2016-12-07
    </Text>
    <Text
      accessible={true}
      allowFontScaling={true}
      disabled={false}
      ellipsizeMode="tail"
      onPress={[Function]}
      style={
        Object {
          "color": "white",
          "fontSize": 20,
          "marginBottom": 8,
          "textAlign": "center",
        }
      }
    >
      #7416, aired 2016-12-05
    </Text>
    <Text
      accessible={true}
      allowFontScaling={true}
      disabled={false}
      ellipsizeMode="tail"
      onPress={[Function]}
      style={
        Object {
          "color": "white",
          "fontSize": 20,
          "marginBottom": 8,
          "textAlign": "center",
        }
      }
    >
      #7415, aired 2016-12-02
    </Text>
    <Text
      accessible={true}
      allowFontScaling={true}
      disabled={false}
      ellipsizeMode="tail"
      onPress={[Function]}
      style={
        Object {
          "color": "white",
          "fontSize": 20,
          "marginBottom": 8,
          "textAlign": "center",
        }
      }
    >
      #7414, aired 2016-12-01
    </Text>
    <Text
      accessible={true}
      allowFontScaling={true}
      disabled={false}
      ellipsizeMode="tail"
      onPress={[Function]}
      style={
        Object {
          "color": "white",
          "fontSize": 20,
          "marginBottom": 8,
          "textAlign": "center",
        }
      }
    >
      #7413, aired 2016-11-30
    </Text>
    <Text
      accessible={true}
      allowFontScaling={true}
      disabled={false}
      ellipsizeMode="tail"
      onPress={[Function]}
      style={
        Object {
          "color": "white",
          "fontSize": 20,
          "marginBottom": 8,
          "textAlign": "center",
        }
      }
    >
      #7411, aired 2016-11-28
    </Text>
    <Text
      accessible={true}
      allowFontScaling={true}
      disabled={false}
      ellipsizeMode="tail"
      onPress={[Function]}
      style={
        Object {
          "color": "white",
          "fontSize": 20,
          "marginBottom": 8,
          "textAlign": "center",
        }
      }
    >
      #7429, aired 2016-12-22
    </Text>
    <Text
      accessible={true}
      allowFontScaling={true}
      disabled={false}
      ellipsizeMode="tail"
      onPress={[Function]}
      style={
        Object {
          "color": "white",
          "fontSize": 20,
          "marginBottom": 8,
          "textAlign": "center",
        }
      }
    >
      #7428, aired 2016-12-21
    </Text>
    <Text
      accessible={true}
      allowFontScaling={true}
      disabled={false}
      ellipsizeMode="tail"
      onPress={[Function]}
      style={
        Object {
          "color": "white",
          "fontSize": 20,
          "marginBottom": 8,
          "textAlign": "center",
        }
      }
    >
      #7427, aired 2016-12-20
    </Text>
    <Text
      accessible={true}
      allowFontScaling={true}
      disabled={false}
      ellipsizeMode="tail"
      onPress={[Function]}
      style={
        Object {
          "color": "white",
          "fontSize": 20,
          "marginBottom": 8,
          "textAlign": "center",
        }
      }
    >
      #7426, aired 2016-12-19
    </Text>
    <Text
      accessible={true}
      allowFontScaling={true}
      disabled={false}
      ellipsizeMode="tail"
      onPress={[Function]}
      style={
        Object {
          "color": "white",
          "fontSize": 20,
          "marginBottom": 8,
          "textAlign": "center",
        }
      }
    >
      #7425, aired 2016-12-16
    </Text>
    <Text
      accessible={true}
      allowFontScaling={true}
      disabled={false}
      ellipsizeMode="tail"
      onPress={[Function]}
      style={
        Object {
          "color": "white",
          "fontSize": 20,
          "marginBottom": 8,
          "textAlign": "center",
        }
      }
    >
      #7424, aired 2016-12-15
    </Text>
    <Text
      accessible={true}
      allowFontScaling={true}
      disabled={false}
      ellipsizeMode="tail"
      onPress={[Function]}
      style={
        Object {
          "color": "white",
          "fontSize": 20,
          "marginBottom": 8,
          "textAlign": "center",
        }
      }
    >
      #7423, aired 2016-12-14
    </Text>
    <Text
      accessible={true}
      allowFontScaling={true}
      disabled={false}
      ellipsizeMode="tail"
      onPress={[Function]}
      style={
        Object {
          "color": "white",
          "fontSize": 20,
          "marginBottom": 8,
          "textAlign": "center",
        }
      }
    >
      #7422, aired 2016-12-13
    </Text>
    <Text
      accessible={true}
      allowFontScaling={true}
      disabled={false}
      ellipsizeMode="tail"
      onPress={[Function]}
      style={
        Object {
          "color": "white",
          "fontSize": 20,
          "marginBottom": 8,
          "textAlign": "center",
        }
      }
    >
      #7417, aired 2016-12-06
    </Text>
    <Text
      accessible={true}
      allowFontScaling={true}
      disabled={false}
      ellipsizeMode="tail"
      onPress={[Function]}
      style={
        Object {
          "color": "white",
          "fontSize": 20,
          "marginBottom": 8,
          "textAlign": "center",
        }
      }
    >
      #7412, aired 2016-11-29
    </Text>
    <Text
      accessible={true}
      allowFontScaling={true}
      disabled={false}
      ellipsizeMode="tail"
      onPress={[Function]}
      style={
        Object {
          "color": "white",
          "fontSize": 20,
          "marginBottom": 8,
          "textAlign": "center",
        }
      }
    >
      #7410, aired 2016-11-25
    </Text>
    <Text
      accessible={true}
      allowFontScaling={true}
      disabled={false}
      ellipsizeMode="tail"
      onPress={[Function]}
      style={
        Object {
          "color": "white",
          "fontSize": 20,
          "marginBottom": 8,
          "textAlign": "center",
        }
      }
    >
      #7409, aired 2016-11-24
    </Text>
    <Text
      accessible={true}
      allowFontScaling={true}
      disabled={false}
      ellipsizeMode="tail"
      onPress={[Function]}
      style={
        Object {
          "color": "white",
          "fontSize": 20,
          "marginBottom": 8,
          "textAlign": "center",
        }
      }
    >
      #7408, aired 2016-11-23
    </Text>
    <Text
      accessible={true}
      allowFontScaling={true}
      disabled={false}
      ellipsizeMode="tail"
      onPress={[Function]}
      style={
        Object {
          "color": "white",
          "fontSize": 20,
          "marginBottom": 8,
          "textAlign": "center",
        }
      }
    >
      #7407, aired 2016-11-22
    </Text>
    <Text
      accessible={true}
      allowFontScaling={true}
      disabled={false}
      ellipsizeMode="tail"
      onPress={[Function]}
      style={
        Object {
          "color": "white",
          "fontSize": 20,
          "marginBottom": 8,
          "textAlign": "center",
        }
      }
    >
      #7406, aired 2016-11-21
    </Text>
    <Text
      accessible={true}
      allowFontScaling={true}
      disabled={false}
      ellipsizeMode="tail"
      onPress={[Function]}
      style={
        Object {
          "color": "white",
          "fontSize": 20,
          "marginBottom": 8,
          "textAlign": "center",
        }
      }
    >
      #7405, aired 2016-11-18
    </Text>
    <Text
      accessible={true}
      allowFontScaling={true}
      disabled={false}
      ellipsizeMode="tail"
      onPress={[Function]}
      style={
        Object {
          "color": "white",
          "fontSize": 20,
          "marginBottom": 8,
          "textAlign": "center",
        }
      }
    >
      #7404, aired 2016-11-17
    </Text>
    <Text
      accessible={true}
      allowFontScaling={true}
      disabled={false}
      ellipsizeMode="tail"
      onPress={[Function]}
      style={
        Object {
          "color": "white",
          "fontSize": 20,
          "marginBottom": 8,
          "textAlign": "center",
        }
      }
    >
      #7403, aired 2016-11-16
    </Text>
    <Text
      accessible={true}
      allowFontScaling={true}
      disabled={false}
      ellipsizeMode="tail"
      onPress={[Function]}
      style={
        Object {
          "color": "white",
          "fontSize": 20,
          "marginBottom": 8,
          "textAlign": "center",
        }
      }
    >
      #7402, aired 2016-11-15
    </Text>
    <Text
      accessible={true}
      allowFontScaling={true}
      disabled={false}
      ellipsizeMode="tail"
      onPress={[Function]}
      style={
        Object {
          "color": "white",
          "fontSize": 20,
          "marginBottom": 8,
          "textAlign": "center",
        }
      }
    >
      #7401, aired 2016-11-14
    </Text>
    <Text
      accessible={true}
      allowFontScaling={true}
      disabled={false}
      ellipsizeMode="tail"
      onPress={[Function]}
      style={
        Object {
          "color": "white",
          "fontSize": 20,
          "marginBottom": 8,
          "textAlign": "center",
        }
      }
    >
      #7400, aired 2016-11-11
    </Text>
    <Text
      accessible={true}
      allowFontScaling={true}
      disabled={false}
      ellipsizeMode="tail"
      onPress={[Function]}
      style={
        Object {
          "color": "white",
          "fontSize": 20,
          "marginBottom": 8,
          "textAlign": "center",
        }
      }
    >
      #7399, aired 2016-11-10
    </Text>
    <Text
      accessible={true}
      allowFontScaling={true}
      disabled={false}
      ellipsizeMode="tail"
      onPress={[Function]}
      style={
        Object {
          "color": "white",
          "fontSize": 20,
          "marginBottom": 8,
          "textAlign": "center",
        }
      }
    >
      #7398, aired 2016-11-09
    </Text>
    <Text
      accessible={true}
      allowFontScaling={true}
      disabled={false}
      ellipsizeMode="tail"
      onPress={[Function]}
      style={
        Object {
          "color": "white",
          "fontSize": 20,
          "marginBottom": 8,
          "textAlign": "center",
        }
      }
    >
      #7396, aired 2016-11-07
    </Text>
    <Text
      accessible={true}
      allowFontScaling={true}
      disabled={false}
      ellipsizeMode="tail"
      onPress={[Function]}
      style={
        Object {
          "color": "white",
          "fontSize": 20,
          "marginBottom": 8,
          "textAlign": "center",
        }
      }
    >
      #7395, aired 2016-11-04
    </Text>
    <Text
      accessible={true}
      allowFontScaling={true}
      disabled={false}
      ellipsizeMode="tail"
      onPress={[Function]}
      style={
        Object {
          "color": "white",
          "fontSize": 20,
          "marginBottom": 8,
          "textAlign": "center",
        }
      }
    >
      #7394, aired 2016-11-03
    </Text>
    <Text
      accessible={true}
      allowFontScaling={true}
      disabled={false}
      ellipsizeMode="tail"
      onPress={[Function]}
      style={
        Object {
          "color": "white",
          "fontSize": 20,
          "marginBottom": 8,
          "textAlign": "center",
        }
      }
    >
      #7397, aired 2016-11-08
    </Text>
    <Text
      accessible={true}
      allowFontScaling={true}
      disabled={false}
      ellipsizeMode="tail"
      onPress={[Function]}
      style={
        Object {
          "color": "white",
          "fontSize": 20,
          "marginBottom": 8,
          "textAlign": "center",
        }
      }
    >
      #7393, aired 2016-11-02
    </Text>
    <Text
      accessible={true}
      allowFontScaling={true}
      disabled={false}
      ellipsizeMode="tail"
      onPress={[Function]}
      style={
        Object {
          "color": "white",
          "fontSize": 20,
          "marginBottom": 8,
          "textAlign": "center",
        }
      }
    >
      #7391, aired 2016-10-31
    </Text>
    <Text
      accessible={true}
      allowFontScaling={true}
      disabled={false}
      ellipsizeMode="tail"
      onPress={[Function]}
      style={
        Object {
          "color": "white",
          "fontSize": 20,
          "marginBottom": 8,
          "textAlign": "center",
        }
      }
    >
      #7390, aired 2016-10-28
    </Text>
    <Text
      accessible={true}
      allowFontScaling={true}
      disabled={false}
      ellipsizeMode="tail"
      onPress={[Function]}
      style={
        Object {
          "color": "white",
          "fontSize": 20,
          "marginBottom": 8,
          "textAlign": "center",
        }
      }
    >
      #7389, aired 2016-10-27
    </Text>
    <Text
      accessible={true}
      allowFontScaling={true}
      disabled={false}
      ellipsizeMode="tail"
      onPress={[Function]}
      style={
        Object {
          "color": "white",
          "fontSize": 20,
          "marginBottom": 8,
          "textAlign": "center",
        }
      }
    >
      #7388, aired 2016-10-26
    </Text>
    <Text
      accessible={true}
      allowFontScaling={true}
      disabled={false}
      ellipsizeMode="tail"
      onPress={[Function]}
      style={
        Object {
          "color": "white",
          "fontSize": 20,
          "marginBottom": 8,
          "textAlign": "center",
        }
      }
    >
      #7392, aired 2016-11-01
    </Text>
    <Text
      accessible={true}
      allowFontScaling={true}
      disabled={false}
      ellipsizeMode="tail"
      onPress={[Function]}
      style={
        Object {
          "color": "white",
          "fontSize": 20,
          "marginBottom": 8,
          "textAlign": "center",
        }
      }
    >
      #7386, aired 2016-10-24
    </Text>
    <Text
      accessible={true}
      allowFontScaling={true}
      disabled={false}
      ellipsizeMode="tail"
      onPress={[Function]}
      style={
        Object {
          "color": "white",
          "fontSize": 20,
          "marginBottom": 8,
          "textAlign": "center",
        }
      }
    >
      #7387, aired 2016-10-25
    </Text>
    <Text
      accessible={true}
      allowFontScaling={true}
      disabled={false}
      ellipsizeMode="tail"
      onPress={[Function]}
      style={
        Object {
          "color": "white",
          "fontSize": 20,
          "marginBottom": 8,
          "textAlign": "center",
        }
      }
    >
      #7385, aired 2016-10-21
    </Text>
    <Text
      accessible={true}
      allowFontScaling={true}
      disabled={false}
      ellipsizeMode="tail"
      onPress={[Function]}
      style={
        Object {
          "color": "white",
          "fontSize": 20,
          "marginBottom": 8,
          "textAlign": "center",
        }
      }
    >
      #7384, aired 2016-10-20
    </Text>
    <Text
      accessible={true}
      allowFontScaling={true}
      disabled={false}
      ellipsizeMode="tail"
      onPress={[Function]}
      style={
        Object {
          "color": "white",
          "fontSize": 20,
          "marginBottom": 8,
          "textAlign": "center",
        }
      }
    >
      #7383, aired 2016-10-19
    </Text>
    <Text
      accessible={true}
      allowFontScaling={true}
      disabled={false}
      ellipsizeMode="tail"
      onPress={[Function]}
      style={
        Object {
          "color": "white",
          "fontSize": 20,
          "marginBottom": 8,
          "textAlign": "center",
        }
      }
    >
      #7381, aired 2016-10-17
    </Text>
    <Text
      accessible={true}
      allowFontScaling={true}
      disabled={false}
      ellipsizeMode="tail"
      onPress={[Function]}
      style={
        Object {
          "color": "white",
          "fontSize": 20,
          "marginBottom": 8,
          "textAlign": "center",
        }
      }
    >
      #7382, aired 2016-10-18
    </Text>
    <Text
      accessible={true}
      allowFontScaling={true}
      disabled={false}
      ellipsizeMode="tail"
      onPress={[Function]}
      style={
        Object {
          "color": "white",
          "fontSize": 20,
          "marginBottom": 8,
          "textAlign": "center",
        }
      }
    >
      #7380, aired 2016-10-14
    </Text>
    <Text
      accessible={true}
      allowFontScaling={true}
      disabled={false}
      ellipsizeMode="tail"
      onPress={[Function]}
      style={
        Object {
          "color": "white",
          "fontSize": 20,
          "marginBottom": 8,
          "textAlign": "center",
        }
      }
    >
      #7379, aired 2016-10-13
    </Text>
    <Text
      accessible={true}
      allowFontScaling={true}
      disabled={false}
      ellipsizeMode="tail"
      onPress={[Function]}
      style={
        Object {
          "color": "white",
          "fontSize": 20,
          "marginBottom": 8,
          "textAlign": "center",
        }
      }
    >
      #7378, aired 2016-10-12
    </Text>
    <Text
      accessible={true}
      allowFontScaling={true}
      disabled={false}
      ellipsizeMode="tail"
      onPress={[Function]}
      style={
        Object {
          "color": "white",
          "fontSize": 20,
          "marginBottom": 8,
          "textAlign": "center",
        }
      }
    >
      #7377, aired 2016-10-11
    </Text>
    <Text
      accessible={true}
      allowFontScaling={true}
      disabled={false}
      ellipsizeMode="tail"
      onPress={[Function]}
      style={
        Object {
          "color": "white",
          "fontSize": 20,
          "marginBottom": 8,
          "textAlign": "center",
        }
      }
    >
      #7376, aired 2016-10-10
    </Text>
    <Text
      accessible={true}
      allowFontScaling={true}
      disabled={false}
      ellipsizeMode="tail"
      onPress={[Function]}
      style={
        Object {
          "color": "white",
          "fontSize": 20,
          "marginBottom": 8,
          "textAlign": "center",
        }
      }
    >
      #7375, aired 2016-10-07
    </Text>
    <Text
      accessible={true}
      allowFontScaling={true}
      disabled={false}
      ellipsizeMode="tail"
      onPress={[Function]}
      style={
        Object {
          "color": "white",
          "fontSize": 20,
          "marginBottom": 8,
          "textAlign": "center",
        }
      }
    >
      #7374, aired 2016-10-06
    </Text>
    <Text
      accessible={true}
      allowFontScaling={true}
      disabled={false}
      ellipsizeMode="tail"
      onPress={[Function]}
      style={
        Object {
          "color": "white",
          "fontSize": 20,
          "marginBottom": 8,
          "textAlign": "center",
        }
      }
    >
      #7373, aired 2016-10-05
    </Text>
    <Text
      accessible={true}
      allowFontScaling={true}
      disabled={false}
      ellipsizeMode="tail"
      onPress={[Function]}
      style={
        Object {
          "color": "white",
          "fontSize": 20,
          "marginBottom": 8,
          "textAlign": "center",
        }
      }
    >
      #7372, aired 2016-10-04
    </Text>
    <Text
      accessible={true}
      allowFontScaling={true}
      disabled={false}
      ellipsizeMode="tail"
      onPress={[Function]}
      style={
        Object {
          "color": "white",
          "fontSize": 20,
          "marginBottom": 8,
          "textAlign": "center",
        }
      }
    >
      #7371, aired 2016-10-03
    </Text>
    <Text
      accessible={true}
      allowFontScaling={true}
      disabled={false}
      ellipsizeMode="tail"
      onPress={[Function]}
      style={
        Object {
          "color": "white",
          "fontSize": 20,
          "marginBottom": 8,
          "textAlign": "center",
        }
      }
    >
      #7370, aired 2016-09-30
    </Text>
    <Text
      accessible={true}
      allowFontScaling={true}
      disabled={false}
      ellipsizeMode="tail"
      onPress={[Function]}
      style={
        Object {
          "color": "white",
          "fontSize": 20,
          "marginBottom": 8,
          "textAlign": "center",
        }
      }
    >
      #7369, aired 2016-09-29
    </Text>
    <Text
      accessible={true}
      allowFontScaling={true}
      disabled={false}
      ellipsizeMode="tail"
      onPress={[Function]}
      style={
        Object {
          "color": "white",
          "fontSize": 20,
          "marginBottom": 8,
          "textAlign": "center",
        }
      }
    >
      #7368, aired 2016-09-28
    </Text>
    <Text
      accessible={true}
      allowFontScaling={true}
      disabled={false}
      ellipsizeMode="tail"
      onPress={[Function]}
      style={
        Object {
          "color": "white",
          "fontSize": 20,
          "marginBottom": 8,
          "textAlign": "center",
        }
      }
    >
      #7367, aired 2016-09-27
    </Text>
    <Text
      accessible={true}
      allowFontScaling={true}
      disabled={false}
      ellipsizeMode="tail"
      onPress={[Function]}
      style={
        Object {
          "color": "white",
          "fontSize": 20,
          "marginBottom": 8,
          "textAlign": "center",
        }
      }
    >
      #7366, aired 2016-09-26
    </Text>
    <Text
      accessible={true}
      allowFontScaling={true}
      disabled={false}
      ellipsizeMode="tail"
      onPress={[Function]}
      style={
        Object {
          "color": "white",
          "fontSize": 20,
          "marginBottom": 8,
          "textAlign": "center",
        }
      }
    >
      #7365, aired 2016-09-23
    </Text>
    <Text
      accessible={true}
      allowFontScaling={true}
      disabled={false}
      ellipsizeMode="tail"
      onPress={[Function]}
      style={
        Object {
          "color": "white",
          "fontSize": 20,
          "marginBottom": 8,
          "textAlign": "center",
        }
      }
    >
      #7364, aired 2016-09-22
    </Text>
    <Text
      accessible={true}
      allowFontScaling={true}
      disabled={false}
      ellipsizeMode="tail"
      onPress={[Function]}
      style={
        Object {
          "color": "white",
          "fontSize": 20,
          "marginBottom": 8,
          "textAlign": "center",
        }
      }
    >
      #7363, aired 2016-09-21
    </Text>
    <Text
      accessible={true}
      allowFontScaling={true}
      disabled={false}
      ellipsizeMode="tail"
      onPress={[Function]}
      style={
        Object {
          "color": "white",
          "fontSize": 20,
          "marginBottom": 8,
          "textAlign": "center",
        }
      }
    >
      #7361, aired 2016-09-19
    </Text>
    <Text
      accessible={true}
      allowFontScaling={true}
      disabled={false}
      ellipsizeMode="tail"
      onPress={[Function]}
      style={
        Object {
          "color": "white",
          "fontSize": 20,
          "marginBottom": 8,
          "textAlign": "center",
        }
      }
    >
      #7362, aired 2016-09-20
    </Text>
    <Text
      accessible={true}
      allowFontScaling={true}
      disabled={false}
      ellipsizeMode="tail"
      onPress={[Function]}
      style={
        Object {
          "color": "white",
          "fontSize": 20,
          "marginBottom": 8,
          "textAlign": "center",
        }
      }
    >
      #7360, aired 2016-09-16
    </Text>
    <Text
      accessible={true}
      allowFontScaling={true}
      disabled={false}
      ellipsizeMode="tail"
      onPress={[Function]}
      style={
        Object {
          "color": "white",
          "fontSize": 20,
          "marginBottom": 8,
          "textAlign": "center",
        }
      }
    >
      #7359, aired 2016-09-15
    </Text>
    <Text
      accessible={true}
      allowFontScaling={true}
      disabled={false}
      ellipsizeMode="tail"
      onPress={[Function]}
      style={
        Object {
          "color": "white",
          "fontSize": 20,
          "marginBottom": 8,
          "textAlign": "center",
        }
      }
    >
      #7358, aired 2016-09-14
    </Text>
    <Text
      accessible={true}
      allowFontScaling={true}
      disabled={false}
      ellipsizeMode="tail"
      onPress={[Function]}
      style={
        Object {
          "color": "white",
          "fontSize": 20,
          "marginBottom": 8,
          "textAlign": "center",
        }
      }
    >
      #7356, aired 2016-09-12
    </Text>
    <Text
      accessible={true}
      allowFontScaling={true}
      disabled={false}
      ellipsizeMode="tail"
      onPress={[Function]}
      style={
        Object {
          "color": "white",
          "fontSize": 20,
          "marginBottom": 8,
          "textAlign": "center",
        }
      }
    >
      #7357, aired 2016-09-13
    </Text>
  </View>
</RCTScrollView>
`;
